--------------------------------------------------------------------------------------
Timing Analyzer Summary
--------------------------------------------------------------------------------------

Type           : Worst-case tsu
Slack          : N/A
Required Time  : None
Actual Time    : 6.278 ns
From           : RESET
To             : serial:SERIE|serial_DEBUG_IDATA[37]
From Clock     : --
To Clock       : CLK
Failed Paths   : 0

Type           : Worst-case tco
Slack          : N/A
Required Time  : None
Actual Time    : 10.931 ns
From           : contador:CONT|PRONTO
To             : A7SEG0[2]
From Clock     : CLK
To Clock       : --
Failed Paths   : 0

Type           : Worst-case tpd
Slack          : N/A
Required Time  : None
Actual Time    : 5.518 ns
From           : IMPRIME
To             : FD_DEBUG_MODE[1]
From Clock     : --
To Clock       : --
Failed Paths   : 0

Type           : Worst-case th
Slack          : N/A
Required Time  : None
Actual Time    : 1.214 ns
From           : altera_internal_jtag~TMSUTAP
To             : sld_hub:auto_hub|sld_shadow_jsm:shadow_jsm|state[9]
From Clock     : --
To Clock       : altera_internal_jtag~TCKUTAP
Failed Paths   : 0

Type           : Clock Setup: 'CLK'
Slack          : N/A
Required Time  : None
Actual Time    : 105.04 MHz ( period = 9.520 ns )
From           : divisor:DIVI|RESP[3]
To             : binary_bcd:BIN_TO_BCD|binary[3]
From Clock     : CLK
To Clock       : CLK
Failed Paths   : 0

Type           : Clock Setup: 'altera_internal_jtag~TCKUTAP'
Slack          : N/A
Required Time  : None
Actual Time    : 134.41 MHz ( period = 7.440 ns )
From           : sld_hub:auto_hub|irf_reg[1][5]
To             : sld_hub:auto_hub|tdo
From Clock     : altera_internal_jtag~TCKUTAP
To Clock       : altera_internal_jtag~TCKUTAP
Failed Paths   : 0

Type           : Clock Hold: 'CLK'
Slack          : Not operational: Clock Skew > Data Delay
Required Time  : None
Actual Time    : N/A
From           : contador:CONT|MEDIDA[11]
To             : divisor:DIVI|RESP[0]
From Clock     : CLK
To Clock       : CLK
Failed Paths   : 78

Type           : Total number of failed paths
Slack          : 
Required Time  : 
Actual Time    : 
From           : 
To             : 
From Clock     : 
To Clock       : 
Failed Paths   : 78

--------------------------------------------------------------------------------------

